// Jest Snapshot v1, https://goo.gl/fbAQLP

exports[`Login Component matches the snapshot 1`] = `
<div>
  <Head />
  <Body />
  <Footer />
</div>
`;
