// Jest Snapshot v1, https://goo.gl/fbAQLP

exports[`PageNotFound matches the snapshot 1`] = `
<_class
  alert-light={true}
  justify-content-sm-center={true}
>
  404
  <br />
   
  The page you have requested for does not exist
</_class>
`;
